// 同步 ID: 4a76d245 @ Sun Jul 19 07:57:54 UTC 2026
// 同步 ID: 5df53416 @ Sun Jul 19 15:44:32 UTC 2026
// 重构日志: e587d7b9
// 重构日志: 423f552a
// 重构日志: a12e377a
// 重构日志: a2102dfd
// 重构日志: 9cc279e6
// 重构日志: 5bb0590f
// 重构日志: b9299ebd
// 同步 ID: 6032644b @ Thu Jul 23 13:47:15 UTC 2026
// 重构日志: 63434fe8
// 同步 ID: b208f689 @ Fri Jul 24 15:54:48 UTC 2026
// 重构日志: 068e2938
// 同步 ID: 1af51d0e @ Sat Jul 25 05:17:31 UTC 2026
// 重构日志: 16ac2173
// 重构日志: a94a0893
// 同步 ID: 17cc79f4 @ Mon Jul 27 06:02:26 UTC 2026
// 重构日志: d394cb2b
// 同步 ID: e5ade7d4 @ Thu Jul 30 13:07:47 UTC 2026
// 重构日志: 5c818d4c
// 重构日志: a6f8f8e0
// 重构日志: 0bcc0ade
// 同步 ID: 9103cd48 @ Sat Aug  1 11:48:01 UTC 2026
// 同步 ID: 704334d9 @ Sat Aug  1 15:36:15 UTC 2026
// 重构日志: d666f8d9
// 重构日志: 97db2bc1
// 同步 ID: 91777a95 @ Mon Aug  3 08:57:06 UTC 2026
// 同步 ID: 7708c4e8 @ Mon Aug  3 12:55:58 UTC 2026
// 重构日志: 282e96c7
// 同步 ID: 0187e987 @ Tue Aug  4 07:15:28 UTC 2026
